---
source: crates/agglayer-config/tests/outbound.rs
expression: config
---
[rpc.settle-tx]
max-retries = 5
retry-interval = "10s"
confirmations = 3
gas-multiplier-factor = 120

[rpc.settle-tx.gas-price]
multiplier = 1.5
floor = "1gwei"
ceiling = "123gwei"

[rpc.settle-cert]
max-retries = 5
retry-interval = "10s"
confirmations = 3
gas-multiplier-factor = 120

[rpc.settle-cert.gas-price]
multiplier = 1.5
floor = "1gwei"
ceiling = "123gwei"
