---
source: crates/agglayer-config/tests/settlement_service.rs
expression: config
---
[pessimistic-proof-tx-config]
confirmations = 64
settlement-policy = "FinalizedBlock"
gas-limit-multiplier-factor = 1.1
gas-limit-ceiling = "0x5f5e100"
max-fee-per-gas-ceiling = "200gwei"
max-fee-per-gas-multiplier-factor = 1.2
max-priority-fee-per-gas-ceiling = "100gwei"

[pessimistic-proof-tx-config.retry-on-transient-failure]
initial-interval = "15s"
interval-multiplier-factor = 1.5
max-interval = "2m"
jitter = "1m"

[pessimistic-proof-tx-config.retry-on-not-included-on-l1]
initial-interval = "1m"
interval-multiplier-factor = 2.0
max-interval = "10m"
jitter = "10s"

[validium-tx-config]
confirmations = 16
settlement-policy = "LatestBlock"
gas-limit-multiplier-factor = 1.05
gas-limit-ceiling = "0x1c9c380"
max-fee-per-gas-floor = "2gwei"
max-fee-per-gas-ceiling = "50gwei"
max-priority-fee-per-gas-ceiling = "100gwei"

[validium-tx-config.retry-on-transient-failure]
initial-interval = "5s"
interval-multiplier-factor = 1.5
max-interval = "2m"
jitter = "1s"

[validium-tx-config.retry-on-not-included-on-l1]
initial-interval = "1m"
interval-multiplier-factor = 2.0
max-interval = "10m"
jitter = "10s"

[settlement-service-config]
