---
source: crates/agglayer-config/tests/settlement_service.rs
expression: config
---
[certificate-tx-config]
max-retries = 2048
tx-retry-policy = "linear"
tx-retry-interval = "15s"
confirmations = 64
finality = "finalized"
gas-limit-multiplier-factor = 1.1
gas-limit = "0x5f5e100"
gas-price-multiplier-factor = 1.2
gas-price-ceiling = "200gwei"

[validium-tx-config]
max-retries = 512
tx-retry-policy = "linear"
tx-retry-interval = "5s"
confirmations = 16
finality = "immediate"
gas-limit-multiplier-factor = 1.05
gas-limit = "0x1c9c380"
gas-price-floor = "2gwei"
gas-price-ceiling = "50gwei"

[settlement-service-config]
