---
source: crates/pessimistic-proof-test-suite/tests/cycle-tracker.rs
expression: stats
snapshot_kind: text
---
gas: 4877905
opcode counts (2306711 total instructions):
    591206 add
    360061 sw
    297661 lw
    257535 lbu
    176209 sb
    110198 bne
     90155 beq
     81542 xor
     74874 bltu
     51762 jalr
     39510 and
     32969 or
     27695 sll
     25935 auipc
     18407 lb
     16686 srl
     16367 sltu
     14608 sub
      5446 jal
      4655 bgeu
      3838 sh
      2865 mul
      2677 ecall
      1592 mulhu
      1520 lh
       517 lhu
       108 sra
       108 blt
         5 bge
syscall counts (2677 total syscall instructions):
    1108 keccak_permute
    1024 secp256k1_double
     507 secp256k1_add
       8 commit
       8 commit_deferred_proofs
       8 hint_len
       8 hint_read
       4 enter_unconstrained
       1 halt
       1 write
