---
source: crates/pessimistic-proof-test-suite/tests/cycle-tracker.rs
expression: stats
---
gas: 25718188
opcode counts (24143632 total instructions):
    6673745 add
    3248807 sltu
    2525827 lw
    1797516 beq
    1698436 sw
    1480933 mul
    1475224 mulhu
    1253802 bne
     832390 srl
     658026 and
     573933 sll
     486067 bltu
     367429 or
     346376 xor
     192072 jalr
     153330 lbu
     123535 sb
     107448 sub
      96065 auipc
      22837 lb
      20946 sra
       2599 jal
       2487 bgeu
       2069 sh
        764 lh
        643 ecall
        274 lhu
         52 bge
syscall counts (643 total syscall instructions):
    621 keccak_permute
      8 commit
      8 commit_deferred_proofs
      2 hint_len
      2 hint_read
      1 halt
      1 write
