---
source: crates/pessimistic-proof-test-suite/tests/cycle-tracker.rs
expression: stats
---
opcode counts (1690779 total instructions):
    414764 add
    275972 sw
    249327 lw
    145827 lbu
    105887 sb
     63479 bne
     63453 xor
     57114 beq
     41447 bltu
     40313 jalr
     32522 and
     32421 sltu
     26692 or
     25599 sub
     24494 sll
     21510 auipc
     20535 srl
     13258 lb
     12673 jal
      7542 sra
      5213 mul
      4202 mulhu
      2519 bgeu
      2186 ecall
      1260 sh
       302 lh
       207 lhu
        59 blt
         2 divu
syscall counts (2186 total syscall instructions):
    1024 secp256k1_double
     620 keccak_permute
     506 secp256k1_add
       8 commit
       8 commit_deferred_proofs
       8 hint_len
       8 hint_read
       3 write
       1 halt
