---
source: crates/pessimistic-proof-test-suite/tests/cycle-tracker.rs
expression: stats
snapshot_kind: text
---
gas: 2012441
opcode counts (177976 total instructions):
    48434 add
    21922 sw
    20390 lw
    14350 lbu
     8706 bne
     8192 xor
     7529 sb
     7426 beq
     5167 srl
     5020 bltu
     4548 and
     4493 sll
     4142 or
     3914 sltu
     3614 jalr
     1811 auipc
     1761 sub
     1728 mul
     1636 ecall
     1594 mulhu
     1022 jal
      334 bgeu
      108 sra
       80 sh
       40 lb
       11 blt
        3 lh
        1 bge
syscall counts (1636 total syscall instructions):
    1024 secp256k1_double
     486 secp256k1_add
      74 keccak_permute
      15 hint_len
      15 hint_read
       8 commit
       8 commit_deferred_proofs
       4 enter_unconstrained
       1 halt
       1 write
