---
source: crates/pessimistic-proof-test-suite/tests/cycle-tracker.rs
expression: stats
---
opcode counts (1380126 total instructions):
    343415 add
    240513 sw
    207659 lw
    124317 lbu
     90789 sb
     54563 bne
     54302 xor
     45805 beq
     39966 bltu
     31411 jalr
     23861 and
     17387 sltu
     16358 auipc
     16080 or
     14566 sub
     14262 srl
     13786 sll
     10180 jal
      7922 lb
      3771 sra
      2875 mul
      2097 mulhu
      2032 bgeu
      1440 ecall
       725 sh
        19 lh
        17 lhu
         5 blt
         2 bge
         1 divu
syscall counts (1440 total syscall instructions):
    650 keccak_permute
    512 secp256k1_double
    249 secp256k1_add
      8 commit
      8 commit_deferred_proofs
      5 hint_len
      5 hint_read
      2 write
      1 halt
