---
source: crates/pessimistic-proof-test-suite/tests/cycle-tracker.rs
expression: stats
snapshot_kind: text
---
gas: 4568783
opcode counts (1609271 total instructions):
    434077 add
    256858 sw
    191488 lw
    187125 lbu
    103371 bne
     96509 sb
     81441 xor
     66825 bltu
     34429 and
     28875 beq
     22150 or
     20620 jalr
     17047 sll
     14264 sltu
     14099 sub
     12562 srl
     10314 auipc
      3948 bgeu
      3337 jal
      2863 mul
      2689 ecall
      1596 mulhu
      1330 lb
      1122 sh
       108 sra
       105 lhu
       101 bge
        10 blt
         8 lh
syscall counts (2689 total syscall instructions):
    1108 keccak_permute
    1024 secp256k1_double
     507 secp256k1_add
      14 hint_len
      14 hint_read
       8 commit
       8 commit_deferred_proofs
       4 enter_unconstrained
       1 halt
       1 write
