---
source: crates/pessimistic-proof-test-suite/tests/cycle-tracker.rs
expression: stats
snapshot_kind: text
---
gas: 3215176
opcode counts (728399 total instructions):
    199274 add
    120066 sw
     91943 lw
     76377 lbu
     43784 bne
     41890 sb
     38059 xor
     31475 bltu
     15431 and
     15248 beq
     10132 jalr
      6723 sltu
      6269 or
      5872 srl
      5525 sub
      5070 auipc
      4765 sll
      2216 jal
      2187 mul
      2118 ecall
      1701 bgeu
      1596 mulhu
       531 sh
       108 sra
        26 lb
         6 blt
         4 lh
         3 bge
syscall counts (2118 total syscall instructions):
    1024 secp256k1_double
     525 keccak_permute
     521 secp256k1_add
      13 hint_len
      13 hint_read
       8 commit
       8 commit_deferred_proofs
       4 enter_unconstrained
       1 halt
       1 write
