---
source: crates/pessimistic-proof-test-suite/tests/cycle-tracker.rs
expression: stats
snapshot_kind: text
---
gas: 4052013
opcode counts (1059583 total instructions):
    275571 add
    162150 sw
    137059 lw
    110207 lbu
     76676 sb
     48896 bne
     44826 beq
     37977 xor
     33410 bltu
     24399 jalr
     18810 and
     14258 or
     12804 sll
     12214 auipc
     11399 srl
      9737 sltu
      7059 lb
      6773 sub
      3360 jal
      2997 mul
      2854 ecall
      2384 mulhu
      1928 bgeu
      1204 sh
       310 lh
       162 sra
       124 lhu
        33 blt
         2 bge
syscall counts (2854 total syscall instructions):
    1536 secp256k1_double
     767 secp256k1_add
     505 keccak_permute
      11 hint_len
      11 hint_read
       8 commit
       8 commit_deferred_proofs
       6 enter_unconstrained
       1 halt
       1 write
