---
source: crates/pessimistic-proof-test-suite/tests/cycle-tracker.rs
expression: stats
---
opcode counts (3529287 total instructions):
    863681 add
    592646 sw
    511469 lw
    361724 lbu
    251484 sb
    162806 bne
    120204 xor
    114979 beq
     95921 bltu
     79436 jalr
     63169 and
     51013 or
     41867 sll
     40589 auipc
     37318 lb
     34513 sltu
     30284 sub
     26965 jal
     23035 srl
      6966 bgeu
      4379 mul
      4214 sh
      3771 sra
      2267 ecall
      2097 mulhu
      1345 lh
       910 lhu
       225 bge
         9 blt
         1 divu
syscall counts (2267 total syscall instructions):
    1481 keccak_permute
     512 secp256k1_double
     245 secp256k1_add
       8 commit
       8 commit_deferred_proofs
       5 hint_len
       5 hint_read
       2 write
       1 halt
