---
source: crates/pessimistic-proof-test-suite/tests/cycle-tracker.rs
expression: stats
snapshot_kind: text
---
gas: 3148388
opcode counts (733762 total instructions):
    202062 add
    119889 sw
     91698 lw
     76076 lbu
     43315 bne
     41957 sb
     37943 xor
     31393 bltu
     15609 beq
     15319 and
      9982 jalr
      7699 or
      7387 srl
      6677 sltu
      6235 sll
      5424 sub
      4995 auipc
      2181 mul
      2088 ecall
      1829 jal
      1700 bgeu
      1596 mulhu
       538 sh
       108 sra
        42 lb
         9 lh
         7 blt
         3 lhu
         1 bge
syscall counts (2088 total syscall instructions):
    1024 secp256k1_double
     524 keccak_permute
     490 secp256k1_add
      14 hint_len
      14 hint_read
       8 commit
       8 commit_deferred_proofs
       4 enter_unconstrained
       1 halt
       1 write
