---
source: crates/pessimistic-proof-test-suite/tests/cycle-tracker.rs
expression: stats
snapshot_kind: text
---
gas: 25718188
opcode counts (23949892 total instructions):
    6622402 add
    3238997 sltu
    2505934 lw
    1792046 beq
    1674909 sw
    1480846 mul
    1475224 mulhu
    1243979 bne
     831744 srl
     651906 and
     569839 sll
     481039 bltu
     362653 or
     341094 xor
     188548 jalr
     130423 lbu
     111080 sb
     105527 sub
      94288 auipc
      20985 lb
      19918 sra
       2158 jal
       1955 bgeu
       1352 sh
        586 ecall
        314 lh
        124 lhu
         22 bge
syscall counts (586 total syscall instructions):
    564 keccak_permute
      8 commit
      8 commit_deferred_proofs
      2 hint_len
      2 hint_read
      1 halt
      1 write
