---
source: crates/pessimistic-proof-test-suite/tests/cycle-tracker.rs
expression: stats
snapshot_kind: text
---
gas: 287983
opcode counts (172980 total instructions):
    35484 addi
    17434 sd
    17391 lbu
    17189 ld
    12643 xor
    10831 sb
     7844 beq
     7566 bne
     6310 sll
     5704 or
     5106 add
     5041 and
     4709 bltu
     4214 jalr
     3421 srl
     2807 srlw
     2199 auipc
     1141 sub
     1067 jal
      865 ecall
      858 bgeu
      583 lui
      577 addw
      509 sltu
      292 mulhu
      289 mul
      238 sh
      182 sw
      148 subw
      113 lw
      105 lh
       65 lb
       34 lwu
       17 sra
        2 blt
        2 bge
syscall counts (835 total syscall instructions):
    512 secp256k1_double
    252 secp256k1_add
     71 keccak_permute
