---
source: crates/pessimistic-proof-test-suite/tests/cycle-tracker.rs
expression: stats
---
gas: 24285279
opcode counts (23157126 total instructions):
    6424287 add
    3226057 sltu
    2401814 lw
    1761554 beq
    1544536 sw
    1480398 mul
    1475224 mulhu
    1206628 bne
     826174 srl
     641367 and
     562533 sll
     453832 bltu
     353555 or
     311973 xor
     171130 jalr
     102541 sub
      85569 auipc
      48199 sb
      41787 lbu
      21062 sra
      14913 lb
       1106 jal
        427 bgeu
        278 sh
        160 ecall
         17 lhu
          4 lh
          1 bge
syscall counts (160 total syscall instructions):
    138 keccak_permute
      8 commit
      8 commit_deferred_proofs
      2 hint_len
      2 hint_read
      1 halt
      1 write
