---
source: crates/pessimistic-proof-test-suite/tests/cycle-tracker.rs
expression: stats
---
opcode counts (638958 total instructions):
    156477 add
     93646 lw
     91526 sw
     35585 lbu
     28922 xor
     27019 sb
     26439 sltu
     21136 beq
     19681 sub
     16736 jalr
     15438 and
     15220 sll
     15064 bne
     15026 srl
     14520 or
     11081 bltu
      9691 auipc
      7542 sra
      4570 mul
      4202 mulhu
      4184 jal
      2854 lb
      1715 ecall
       501 bgeu
       169 sh
         8 blt
         2 divu
         2 lh
         2 lhu
syscall counts (1715 total syscall instructions):
    1024 secp256k1_double
     520 secp256k1_add
     135 keccak_permute
       8 commit
       8 commit_deferred_proofs
       8 hint_len
       8 hint_read
       3 write
       1 halt
