---
source: crates/pessimistic-proof-test-suite/tests/cycle-tracker.rs
expression: stats
---
opcode counts (3455135 total instructions):
    843944 add
    578725 sw
    502217 lw
    353203 lbu
    246727 sb
    157966 bne
    115980 xor
    114032 beq
     92600 bltu
     78305 jalr
     61767 and
     50816 or
     41915 sll
     40024 auipc
     37369 lb
     34163 sltu
     29787 sub
     26774 jal
     23003 srl
      6775 bgeu
      4331 mul
      4146 sh
      3771 sra
      2203 ecall
      2105 mulhu
      1343 lh
       909 lhu
       225 bge
         9 blt
         1 divu
syscall counts (2203 total syscall instructions):
    1417 keccak_permute
     512 secp256k1_double
     245 secp256k1_add
       8 commit
       8 commit_deferred_proofs
       5 hint_len
       5 hint_read
       2 write
       1 halt
