---
source: crates/pessimistic-proof-test-suite/tests/cycle-tracker.rs
expression: stats
---
opcode counts (3455855 total instructions):
    843461 add
    579538 sw
    501988 lw
    353015 lbu
    247436 sb
    157616 bne
    115978 xor
    114124 beq
     92535 bltu
     78181 jalr
     61674 and
     50799 or
     41912 sll
     39961 auipc
     37267 lb
     34129 sltu
     29783 sub
     26974 jal
     23680 srl
      6776 bgeu
      4330 mul
      4138 sh
      3771 sra
      2202 ecall
      2105 mulhu
      1340 lh
       907 lhu
       231 blt
         3 bge
         1 divu
syscall counts (2202 total syscall instructions):
    1416 keccak_permute
     512 secp256k1_double
     245 secp256k1_add
       8 commit
       8 commit_deferred_proofs
       5 hint_len
       5 hint_read
       2 write
       1 halt
