---
source: crates/pessimistic-proof-test-suite/tests/cycle-tracker.rs
expression: stats
snapshot_kind: text
---
gas: 3195502
opcode counts (936485 total instructions):
    252116 add
    147249 sw
    111974 lw
    105000 lbu
     58425 bne
     54328 sb
     46795 xor
     37991 bltu
     20141 and
     18739 beq
     14121 or
     12578 jalr
     11638 sll
      9592 srl
      9266 sltu
      8191 sub
      6293 auipc
      2327 mul
      2235 bgeu
      2201 ecall
      2149 jal
      1596 mulhu
       679 lb
       635 sh
       108 sra
        52 lhu
        50 bge
         9 lh
         7 blt
syscall counts (2201 total syscall instructions):
    1024 secp256k1_double
     621 keccak_permute
     506 secp256k1_add
      14 hint_len
      14 hint_read
       8 commit
       8 commit_deferred_proofs
       4 enter_unconstrained
       1 halt
       1 write
