---
source: crates/pessimistic-proof-test-suite/tests/cycle-tracker.rs
expression: stats
---
opcode counts (1424624 total instructions):
    351899 add
    245174 sw
    213943 lw
    129580 lbu
     94845 sb
     56249 bne
     53552 xor
     48456 beq
     39475 bltu
     32998 jalr
     24863 and
     18289 or
     18233 sltu
     17188 auipc
     15814 sll
     15143 sub
     14590 srl
     10848 jal
      9955 lb
      3771 sra
      2920 mul
      2156 bgeu
      2105 mulhu
      1427 ecall
       912 sh
       125 lh
        88 lhu
        20 bge
         5 blt
         1 divu
syscall counts (1427 total syscall instructions):
    625 keccak_permute
    512 secp256k1_double
    261 secp256k1_add
      8 commit
      8 commit_deferred_proofs
      5 hint_len
      5 hint_read
      2 write
      1 halt
