---
source: crates/pessimistic-proof-test-suite/tests/cycle-tracker.rs
expression: stats
snapshot_kind: text
---
gas: 2375393
opcode counts (268153 total instructions):
    71530 add
    38369 sw
    33077 lw
    23150 lbu
    13736 bne
    12415 sb
    12414 xor
     9381 bltu
     8750 beq
     6649 srl
     6069 sll
     5976 or
     5965 and
     4644 jalr
     4302 sltu
     2346 sub
     2326 auipc
     1793 mul
     1730 ecall
     1594 mulhu
     1122 jal
      526 bgeu
      144 sh
      108 sra
       28 lb
        6 blt
        3 lh
syscall counts (1730 total syscall instructions):
    1024 secp256k1_double
     520 secp256k1_add
     138 keccak_permute
      13 hint_len
      13 hint_read
       8 commit
       8 commit_deferred_proofs
       4 enter_unconstrained
       1 halt
       1 write
