---
source: crates/pessimistic-proof-test-suite/tests/vkey_selector.rs
expression: message
---
# If this test fails, it means the PP vkey has changed.
# When that happens, consider updating the selector by bumping the PP version.
| PP_VKEY          | 0x000c94aec12326d3369dca03f1ebfee7c914612f58763dab008d27da0523489c |
| PP_VKEY_SELECTOR | 0x00000007                                                         |
