---
source: crates/pessimistic-proof-test-suite/tests/vkey_selector.rs
expression: message
---
# If this test fails, it means the PP vkey has changed.
# When that happens, consider updating the selector by bumping the PP version.
| PP_VKEY          | 0x0007c903084f21221a4013ef76803e5e5a665e486180150c402ffa019c61c533 |
| PP_VKEY_SELECTOR | 0x00000009                                                         |
