---
source: crates/agglayer-node/src/rpc/tests/get_clock_configuration.rs
expression: "{\n  \"payload\": {\n    \"id\": 0,\n    \"jsonrpc\": \"2.0\",\n    \"method\": \"interop_getClockConfiguration\",\n    \"params\": []\n  },\n  \"raw_response\": \"{\\\"jsonrpc\\\":\\\"2.0\\\",\\\"id\\\":0,\\\"result\\\":{\\\"genesis_block\\\":0,\\\"epoch_duration\\\":6}}\"\n}"
---
{
  "id": 0,
  "jsonrpc": "2.0",
  "result": {
    "epoch_duration": 6,
    "genesis_block": 0
  }
}
