---
source: crates/agglayer-node/src/rpc/tests/errors.rs
expression: "SignatureMismatch { detail: \"could not recover certificate signer: signature error\" }"
---
{
  "code": -10002,
  "data": {
    "signature-mismatch": {
      "detail": "could not recover certificate signer: signature error"
    }
  },
  "message": "Rollup signature verification failed"
}
