---
source: crates/agglayer-node/src/rpc/tests/errors.rs
expression: "SignatureMismatch { detail: \"could not recover transaction signer: invalid signature length, got 42, expected 65\" }"
---
{
  "code": -10002,
  "data": {
    "signature-mismatch": {
      "detail": "could not recover transaction signer: invalid signature length, got 42, expected 65"
    }
  },
  "message": "Rollup signature verification failed"
}
