---
source: crates/agglayer-node/src/rpc/tests/errors.rs
assertion_line: 144
expression: "SendCertificate { detail: \"Certificate is too far in the future (height 153, max allowed 95)\" }"
snapshot_kind: text
---
{
  "code": -10006,
  "data": {
    "send-certificate": {
      "detail": "Certificate is too far in the future (height 153, max allowed 95)"
    }
  },
  "message": "Cannot send certificate"
}
