---
source: crates/agglayer-node/src/rpc/tests/errors.rs
expression: "Validation(DryRun { detail: \"Dry run flopped.\" })"
---
{
  "code": -10003,
  "data": {
    "validation": {
      "dry-run": {
        "detail": "Dry run flopped."
      }
    }
  },
  "message": "Validation failed: Dry run failed"
}
