---
source: crates/agglayer-jsonrpc-api/src/tests/errors.rs
expression: "ResourceNotFound(\"SettlementJob(00000000000000000000000007)\")"
snapshot_kind: text
---
{
  "code": -10008,
  "data": {
    "resource-not-found": "SettlementJob(00000000000000000000000007)"
  },
  "message": "Resource not found: SettlementJob(00000000000000000000000007)"
}
