---
source: crates/agglayer-jsonrpc-api/src/tests/errors.rs
expression: "SettlementAdmin(\"No live settlement task for job 00000000000000000000000008\")"
snapshot_kind: text
---
{
  "code": -10010,
  "data": {
    "settlement-admin": "No live settlement task for job 00000000000000000000000008"
  },
  "message": "Settlement admin error: No live settlement task for job 00000000000000000000000008"
}
