---
source: crates/agglayer-jsonrpc-api/src/tests/errors.rs
expression: "SignatureMismatch { detail: \"contract error: contract not deployed: deployment transaction failed\" }"
---
{
  "code": -10002,
  "data": {
    "signature-mismatch": {
      "detail": "contract error: contract not deployed: deployment transaction failed"
    }
  },
  "message": "Rollup signature verification failed"
}
