---
source: crates/agglayer-jsonrpc-api/src/tests/settlement_admin.rs
expression: mark_error
---
{
  "code": -10008,
  "data": {
    "classified": {
      "code": "not-found",
      "message": "Failed to mark settlement attempt 0 of job 00000000000000000000000008 as definitely failed\n\nCaused by:\n   0: not found\n   1: Settlement job 00000000000000000000000008 does not exist\n\nLocation:\n    crates/agglayer-settlement-service/src/settlement_service.rs:<line>:<column>"
    }
  },
  "message": "Failed to mark settlement attempt 0 of job 00000000000000000000000008 as definitely failed\n\nCaused by:\n   0: not found\n   1: Settlement job 00000000000000000000000008 does not exist\n\nLocation:\n    crates/agglayer-settlement-service/src/settlement_service.rs:<line>:<column>"
}
