---
source: crates/agglayer-node/src/rpc/tests/errors.rs
expression: "Validation(RootVerification { detail: \"invalid state root. expected: 0x5555…5555, got: 0x6666…6666\" })"
---
{
  "code": -10003,
  "data": {
    "validation": {
      "root-verification": {
        "detail": "invalid state root. expected: 0x5555…5555, got: 0x6666…6666"
      }
    }
  },
  "message": "Validation failed: State root verification failed"
}
