---
source: crates/agglayer-node/src/rpc/tests/get_epoch_configuration.rs
expression: json
---
{
  "error": {
    "code": -32603,
    "data": {
      "internal": "AggLayer isn't configured with a BlockClock configuration, thus no EpochConfiguration is available"
    },
    "message": "Internal error: AggLayer isn't configured with a BlockClock configuration, thus no EpochConfiguration is available"
  },
  "id": 0,
  "jsonrpc": "2.0"
}
